// Jest Snapshot v1, https://goo.gl/fbAQLP

exports[`mapEditorReducer returns the initial state 1`] = `
Object {
  "blocksets": Object {
    "primary": Object {
      "blocks": Array [],
      "id": null,
      "palette": Array [],
      "tiles": Array [],
    },
    "secondary": Object {
      "blocks": Array [],
      "id": null,
      "palette": Array [],
      "tiles": Array [],
    },
  },
  "border": Object {
    "block": Array [],
    "collision": Array [],
    "dimensions": Array [
      0,
      0,
    ],
    "height": Array [],
  },
  "canonicalMap": Object {
    "block": Array [],
    "collision": Array [],
    "dimensions": Array [
      0,
      0,
    ],
    "height": Array [],
  },
  "connections": Array [],
  "entities": Array [],
  "linked": false,
  "loading": false,
  "map": Object {
    "block": Array [],
    "collision": Array [],
    "dimensions": Array [
      0,
      0,
    ],
    "height": Array [],
  },
  "scripts": Array [],
}
`;
