// Jest Snapshot v1, https://goo.gl/fbAQLP

exports[`mapDataReducer returns the initial state 1`] = `
Object {
  "blocksets": Object {
    "primary": Object {
      "blocks": Array [],
      "id": null,
      "palette": Array [],
      "tiles": Array [],
    },
    "secondary": Object {
      "blocks": Array [],
      "id": null,
      "palette": Array [],
      "tiles": Array [],
    },
  },
  "border": Object {
    "block": Array [],
    "collision": Array [],
    "dimensions": Array [
      0,
      0,
    ],
    "height": Array [],
  },
  "canonicalConnectionOffsets": Array [],
  "canonicalEntityCoordinates": Array [],
  "canonicalMap": Object {
    "block": Array [],
    "collision": Array [],
    "dimensions": Array [
      0,
      0,
    ],
    "height": Array [],
  },
  "connections": Array [],
  "entities": Array [],
  "map": Object {
    "block": Array [],
    "collision": Array [],
    "dimensions": Array [
      0,
      0,
    ],
    "height": Array [],
  },
  "scripts": Array [],
}
`;

exports[`mapEditingReducer LOAD_MAIN_MAP recenters the map 1`] = `
Object {
  "x": 192,
  "y": -160,
}
`;

exports[`mapEditingReducer returns the initial state 1`] = `
Object {
  "activeLayer": "map",
  "activeTool": Object {
    "collision": undefined,
    "entities": undefined,
    "height": undefined,
    "map": "drag-connection-tool",
  },
  "camera": Object {
    "x": 0,
    "y": 0,
    "z": 1,
  },
  "linked": false,
  "loading": false,
  "toolState": Object {
    "drag-connection-tool": Object {
      "mouse": Object {
        "clientOffset": null,
        "currentBlock": 0,
        "currentPosition": null,
        "object": null,
        "startingPosition": null,
      },
      "tool": Object {},
    },
  },
}
`;
