// Jest Snapshot v1, https://goo.gl/fbAQLP

exports[`combinedTabsReducers returns the initial state 1`] = `
Object {
  "active": "0",
  "byId": Object {
    "0": Object {
      "dirty": false,
      "icon": null,
      "kind": null,
      "state": null,
      "title": "New Tab",
    },
  },
  "nextId": "1",
  "tabs": Array [
    "0",
  ],
}
`;
